******************************************************************************
                  MSP430 Linker PC v4.4.7                      
******************************************************************************
>> Linked Mon Jan 15 09:49:07 2018

OUTPUT FILE NAME:   <MSP430F6747A_FreeRTOS.out>
ENTRY POINT SYMBOL: "_c_int00_noargs_noexit"  address: 0000c000


MEMORY CONFIGURATION

         name            origin    length      used     unused   attr    fill
----------------------  --------  ---------  --------  --------  ----  --------
  SFR                   00000000   00000010  00000000  00000010  RWIX
  PERIPHERALS_8BIT      00000010   000000f0  00000000  000000f0  RWIX
  PERIPHERALS_16BIT     00000100   00000100  00000000  00000100  RWIX
  INFOD                 00001800   00000080  00000000  00000080  RWIX
  INFOC                 00001880   00000080  00000000  00000080  RWIX
  INFOB                 00001900   00000080  00000000  00000080  RWIX
  INFOA                 00001980   00000080  00000000  00000080  RWIX
  RAM                   00001c00   00008000  00007e16  000001ea  RWIX
  FLASH                 0000c000   00003f80  0000272a  00001856  RWIX
  INT00                 0000ff80   00000002  00000000  00000002  RWIX
  INT01                 0000ff82   00000002  00000000  00000002  RWIX
  INT02                 0000ff84   00000002  00000000  00000002  RWIX
  INT03                 0000ff86   00000002  00000000  00000002  RWIX
  INT04                 0000ff88   00000002  00000000  00000002  RWIX
  INT05                 0000ff8a   00000002  00000000  00000002  RWIX
  INT06                 0000ff8c   00000002  00000000  00000002  RWIX
  INT07                 0000ff8e   00000002  00000000  00000002  RWIX
  INT08                 0000ff90   00000002  00000000  00000002  RWIX
  INT09                 0000ff92   00000002  00000000  00000002  RWIX
  INT10                 0000ff94   00000002  00000000  00000002  RWIX
  INT11                 0000ff96   00000002  00000000  00000002  RWIX
  INT12                 0000ff98   00000002  00000000  00000002  RWIX
  INT13                 0000ff9a   00000002  00000000  00000002  RWIX
  INT14                 0000ff9c   00000002  00000000  00000002  RWIX
  INT15                 0000ff9e   00000002  00000000  00000002  RWIX
  INT16                 0000ffa0   00000002  00000000  00000002  RWIX
  INT17                 0000ffa2   00000002  00000000  00000002  RWIX
  INT18                 0000ffa4   00000002  00000000  00000002  RWIX
  INT19                 0000ffa6   00000002  00000000  00000002  RWIX
  INT20                 0000ffa8   00000002  00000000  00000002  RWIX
  INT21                 0000ffaa   00000002  00000000  00000002  RWIX
  INT22                 0000ffac   00000002  00000000  00000002  RWIX
  INT23                 0000ffae   00000002  00000000  00000002  RWIX
  INT24                 0000ffb0   00000002  00000000  00000002  RWIX
  INT25                 0000ffb2   00000002  00000000  00000002  RWIX
  INT26                 0000ffb4   00000002  00000000  00000002  RWIX
  INT27                 0000ffb6   00000002  00000000  00000002  RWIX
  INT28                 0000ffb8   00000002  00000000  00000002  RWIX
  INT29                 0000ffba   00000002  00000000  00000002  RWIX
  INT30                 0000ffbc   00000002  00000000  00000002  RWIX
  INT31                 0000ffbe   00000002  00000000  00000002  RWIX
  INT32                 0000ffc0   00000002  00000000  00000002  RWIX
  INT33                 0000ffc2   00000002  00000000  00000002  RWIX
  INT34                 0000ffc4   00000002  00000000  00000002  RWIX
  INT35                 0000ffc6   00000002  00000000  00000002  RWIX
  INT36                 0000ffc8   00000002  00000002  00000000  RWIX
  INT37                 0000ffca   00000002  00000002  00000000  RWIX
  INT38                 0000ffcc   00000002  00000002  00000000  RWIX
  INT39                 0000ffce   00000002  00000002  00000000  RWIX
  INT40                 0000ffd0   00000002  00000002  00000000  RWIX
  INT41                 0000ffd2   00000002  00000002  00000000  RWIX
  INT42                 0000ffd4   00000002  00000002  00000000  RWIX
  INT43                 0000ffd6   00000002  00000002  00000000  RWIX
  INT44                 0000ffd8   00000002  00000002  00000000  RWIX
  INT45                 0000ffda   00000002  00000002  00000000  RWIX
  INT46                 0000ffdc   00000002  00000002  00000000  RWIX
  INT47                 0000ffde   00000002  00000002  00000000  RWIX
  INT48                 0000ffe0   00000002  00000002  00000000  RWIX
  INT49                 0000ffe2   00000002  00000002  00000000  RWIX
  INT50                 0000ffe4   00000002  00000002  00000000  RWIX
  INT51                 0000ffe6   00000002  00000002  00000000  RWIX
  INT52                 0000ffe8   00000002  00000002  00000000  RWIX
  INT53                 0000ffea   00000002  00000002  00000000  RWIX
  INT54                 0000ffec   00000002  00000002  00000000  RWIX
  INT55                 0000ffee   00000002  00000002  00000000  RWIX
  INT56                 0000fff0   00000002  00000002  00000000  RWIX
  INT57                 0000fff2   00000002  00000002  00000000  RWIX
  INT58                 0000fff4   00000002  00000002  00000000  RWIX
  INT59                 0000fff6   00000002  00000002  00000000  RWIX
  INT60                 0000fff8   00000002  00000002  00000000  RWIX
  INT61                 0000fffa   00000002  00000002  00000000  RWIX
  INT62                 0000fffc   00000002  00000002  00000000  RWIX
  RESET                 0000fffe   00000002  00000002  00000000  RWIX
  FLASH2                00010000   0003c000  0001a954  000216ac  RWIX


SECTION ALLOCATION MAP

 output                                  attributes/
section   page    origin      length       input sections
--------  ----  ----------  ----------   ----------------
.bss       0    00001c00    00007a50     UNINITIALIZED
                  00001c00    00006590     (.common:ucHeap)
                  00008190    00001194     (.common:ucHeap)
                  00009324    00000100     (.common:g_debugReceive)
                  00009424    00000100     (.common:g_debugTransmit)
                  00009524    000000b4     (.common:pxReadyTasksLists)
                  000095d8    00000026     (.common:g_uartData)
                  000095fe    00000012     (.common:xDelayedTaskList1)
                  00009610    00000012     (.common:xDelayedTaskList2)
                  00009622    00000012     (.common:xPendingReadyList)
                  00009634    00000006     (.common:xStart)
                  0000963a    00000006     (.common:xStart)
                  00009640    00000004     (.common:pxDelayedTaskList)
                  00009644    00000004     (.common:pxOverflowDelayedTaskList)
                  00009648    00000004     (.common:userTask1)
                  0000964c    00000004     (.common:userTask2)

.data      0    00009650    000002f8     UNINITIALIZED
                  00009650    000000b0     rts430x_lc_rd_eabi.lib : signal.obj (.data:sigtable)
                  00009700    00000080                            : xvalues.obj (.data)
                  00009780    0000007c     lstate.obj (.data:randtbl)
                  000097fc    0000007c     ltablib.obj (.data:randtbl)
                  00009878    00000068     rts430x_lc_rd_eabi.lib : xfvalues.obj (.data)
                  000098e0    00000020     tasks.obj (.data)
                  00009900    00000010     main.obj (.data)
                  00009910    0000000a     heap_4.obj (.data)
                  0000991a    0000000a     luaHeap.obj (.data)
                  00009924    00000008     rts430x_lc_rd_eabi.lib : feraiseexcept.obj (.data)
                  0000992c    00000008     ucs.obj (.data)
                  00009934    00000004     rts430x_lc_rd_eabi.lib : _lock.obj (.data:_lock)
                  00009938    00000004                            : _lock.obj (.data:_unlock)
                  0000993c    00000004     luaInterface.obj (.data)
                  00009940    00000002     lstate.obj (.data)
                  00009942    00000002     ltablib.obj (.data)
                  00009944    00000002     port.obj (.data)
                  00009946    00000002     rts430x_lc_rd_eabi.lib : errno.obj (.data)

.sysmem    0    00009948    00000006     UNINITIALIZED
                  00009948    00000006     rts430x_lc_rd_eabi.lib : memory.obj (.sysmem)

.stack     0    00009b38    000000c8     UNINITIALIZED
                  00009b38    00000004     rts430x_lc_rd_eabi.lib : boot.obj (.stack)
                  00009b3c    000000c4     --HOLE--

.text:_isr 
*          0    0000c000    00000038     
                  0000c000    0000001a     rts430x_lc_rd_eabi.lib : boot_special.obj (.text:_isr:_c_int00_noargs_noexit)
                  0000c01a    0000000e     uart_api.obj (.text:_isr:uart_debugIsr)
                  0000c028    0000000a     port.obj (.text:_isr:vTickISREntry)
                  0000c032    00000006     rts430x_lc_rd_eabi.lib : isr_trap.obj (.text:_isr:__TI_ISR_TRAP)

.const     0    0000c038    00002562     
                  0000c038    000005c0     main.obj (.const:.string)
                  0000c5f8    000004ea     lstrlib.obj (.const:.string)
                  0000cae2    00000356     lauxlib.obj (.const:.string)
                  0000ce38    00000266     lparser.obj (.const:.string)
                  0000d09e    0000022a     llex.obj (.const:.string)
                  0000d2c8    000001e4     lbaselib.obj (.const:.string)
                  0000d4ac    00000144     ltablib.obj (.const:.string)
                  0000d5f0    00000132     ldebug.obj (.const:.string)
                  0000d722    00000128     ltm.obj (.const:.string)
                  0000d84a    00000114     lvm.obj (.const:.string)
                  0000d95e    00000110     ldo.obj (.const:.string)
                  0000da6e    00000101     rts430x_lc_rd_eabi.lib : ctype.obj (.const:.string:_ctypes_)
                  0000db6f    00000001     --HOLE-- [fill = 0]
                  0000db70    00000101     lctype.obj (.const:.string:luai_ctype_)
                  0000dc71    00000001     --HOLE-- [fill = 0]
                  0000dc72    00000100     lobject.obj (.const:.string:log_2$1)
                  0000dd72    000000ee     lundump.obj (.const:.string)
                  0000de60    000000b0     lbaselib.obj (.const:base_funcs)
                  0000df10    00000094     llex.obj (.const:luaX_tokens)
                  0000dfa4    00000090     lstrlib.obj (.const:strlib)
                  0000e034    0000006e     lobject.obj (.const:.string)
                  0000e0a2    00000060     ltm.obj (.const:luaT_eventname$1)
                  0000e102    00000050     luaInterface.obj (.const:.string)
                  0000e152    0000004e     ltable.obj (.const:.string)
                  0000e1a0    00000042     lcode.obj (.const:.string)
                  0000e1e2    00000042     lmem.obj (.const:.string)
                  0000e224    00000040     ltablib.obj (.const:tab_funcs)
                  0000e264    0000003e     heap_4.obj (.const:.string)
                  0000e2a2    00000032     tasks.obj (.const:.string)
                  0000e2d4    00000030     luaInterface.obj (.const:uC_funcs)
                  0000e304    0000002f     lopcodes.obj (.const:.string:luaP_opmodes)
                  0000e333    00000001     --HOLE-- [fill = 0]
                  0000e334    0000002c     queue.obj (.const:.string)
                  0000e360    0000002c     ltm.obj (.const:luaT_typenames_)
                  0000e38c    0000002a     lgc.obj (.const:.string)
                  0000e3b6    0000002a     lparser.obj (.const:priority)
                  0000e3e0    00000028     rts430x_lc_rd_eabi.lib : strtof.obj (.const:digits)
                  0000e408    00000028     linit.obj (.const:loadedlibs)
                  0000e430    00000026     rts430x_lc_rd_eabi.lib : _printfi.obj (.const:.string)
                  0000e456    00000024     lbaselib.obj (.const:opts$1)
                  0000e47a    00000020     rts430x_lc_rd_eabi.lib : xfdint.obj (.const:mask$1)
                  0000e49a    0000001c     gpio.obj (.const:GPIO_PORT_TO_BASE)
                  0000e4b6    0000001a     printFreeHeap.obj (.const:.string)
                  0000e4d0    00000018     rts430x_lc_rd_eabi.lib : strtof.obj (.const:powerof10)
                  0000e4e8    00000016     linit.obj (.const:.string)
                  0000e4fe    00000012     lstring.obj (.const:.string)
                  0000e510    00000010     lapi.obj (.const:.string)
                  0000e520    00000010     lbaselib.obj (.const:optsnum$2)
                  0000e530    00000010     uart_api.obj (.const)
                  0000e540    0000000e     ldump.obj (.const:.string)
                  0000e54e    0000000e     ltable.obj (.const)
                  0000e55c    0000000c     rts430x_lc_rd_eabi.lib : xflog.obj (.const:p)
                  0000e568    0000000a     lcode.obj (.const)
                  0000e572    00000009     ltm.obj (.const:.string:udatatypename)
                  0000e57b    00000001     --HOLE-- [fill = 0]
                  0000e57c    00000008     rts430x_lc_rd_eabi.lib : xfexp.obj (.const:s)
                  0000e584    00000006     lobject.obj (.const)
                  0000e58a    00000004     rts430x_lc_rd_eabi.lib : xfexp.obj (.const:c)
                  0000e58e    00000004     lapi.obj (.const)
                  0000e592    00000004     rts430x_lc_rd_eabi.lib : xfdint.obj (.const:sub$2)
                  0000e596    00000002     luaHelper.obj (.const:.string)
                  0000e598    00000002     lstrlib.obj (.const)

.cinit     0    0000e59a    00000190     
                  0000e59a    0000016d     (.cinit..data.load) [load image, compression = rle]
                  0000e707    00000001     --HOLE-- [fill = 0]
                  0000e708    0000000c     (__TI_handler_table)
                  0000e714    00000006     (.cinit..bss.load) [load image, compression = zero_init]
                  0000e71a    00000010     (__TI_cinit_table)

.init_array 
*          0    0000c000    00000000     UNINITIALIZED

.TI.persistent 
*          0    00009650    00000000     UNINITIALIZED

AES        0    0000ffc8    00000002     
                  0000ffc8    00000002     rts430x_lc_rd_eabi.lib : int36.obj (.int36)

COMP_B     0    0000ffca    00000002     
                  0000ffca    00000002     rts430x_lc_rd_eabi.lib : int37.obj (.int37)

RTC        0    0000ffcc    00000002     
                  0000ffcc    00000002     rts430x_lc_rd_eabi.lib : int38.obj (.int38)

LCD_C      0    0000ffce    00000002     
                  0000ffce    00000002     rts430x_lc_rd_eabi.lib : int39.obj (.int39)

TIMER3_A1 
*          0    0000ffd0    00000002     
                  0000ffd0    00000002     rts430x_lc_rd_eabi.lib : int40.obj (.int40)

TIMER3_A0 
*          0    0000ffd2    00000002     
                  0000ffd2    00000002     rts430x_lc_rd_eabi.lib : int41.obj (.int41)

PORT2      0    0000ffd4    00000002     
                  0000ffd4    00000002     rts430x_lc_rd_eabi.lib : int42.obj (.int42)

TIMER2_A1 
*          0    0000ffd6    00000002     
                  0000ffd6    00000002     rts430x_lc_rd_eabi.lib : int43.obj (.int43)

TIMER2_A0 
*          0    0000ffd8    00000002     
                  0000ffd8    00000002     rts430x_lc_rd_eabi.lib : int44.obj (.int44)

PORT1      0    0000ffda    00000002     
                  0000ffda    00000002     rts430x_lc_rd_eabi.lib : int45.obj (.int45)

USCI_B1    0    0000ffdc    00000002     
                  0000ffdc    00000002     rts430x_lc_rd_eabi.lib : int46.obj (.int46)

USCI_A3    0    0000ffde    00000002     
                  0000ffde    00000002     rts430x_lc_rd_eabi.lib : int47.obj (.int47)

TIMER1_A1 
*          0    0000ffe0    00000002     
                  0000ffe0    00000002     rts430x_lc_rd_eabi.lib : int48.obj (.int48)

TIMER1_A0 
*          0    0000ffe2    00000002     
                  0000ffe2    00000002     rts430x_lc_rd_eabi.lib : int49.obj (.int49)

DMA        0    0000ffe4    00000002     
                  0000ffe4    00000002     rts430x_lc_rd_eabi.lib : int50.obj (.int50)

AUX        0    0000ffe6    00000002     
                  0000ffe6    00000002     rts430x_lc_rd_eabi.lib : int51.obj (.int51)

USCI_A2    0    0000ffe8    00000002     
                  0000ffe8    00000002     uart_api.obj (.int52)

USCI_A1    0    0000ffea    00000002     
                  0000ffea    00000002     rts430x_lc_rd_eabi.lib : int53.obj (.int53)

TIMER0_A1 
*          0    0000ffec    00000002     
                  0000ffec    00000002     rts430x_lc_rd_eabi.lib : int54.obj (.int54)

TIMER0_A0 
*          0    0000ffee    00000002     
                  0000ffee    00000002     port.obj (.int55)

SD24B      0    0000fff0    00000002     
                  0000fff0    00000002     rts430x_lc_rd_eabi.lib : int56.obj (.int56)

ADC10      0    0000fff2    00000002     
                  0000fff2    00000002     rts430x_lc_rd_eabi.lib : int57.obj (.int57)

USCI_B0    0    0000fff4    00000002     
                  0000fff4    00000002     rts430x_lc_rd_eabi.lib : int58.obj (.int58)

USCI_A0    0    0000fff6    00000002     
                  0000fff6    00000002     rts430x_lc_rd_eabi.lib : int59.obj (.int59)

WDT        0    0000fff8    00000002     
                  0000fff8    00000002     rts430x_lc_rd_eabi.lib : int60.obj (.int60)

UNMI       0    0000fffa    00000002     
                  0000fffa    00000002     rts430x_lc_rd_eabi.lib : int61.obj (.int61)

SYSNMI     0    0000fffc    00000002     
                  0000fffc    00000002     rts430x_lc_rd_eabi.lib : int62.obj (.int62)

.reset     0    0000fffe    00000002     
                  0000fffe    00000002     rts430x_lc_rd_eabi.lib : boot.obj (.reset)

.text      0    00010000    0001a954     
                  00010000    00002138     lvm.obj (.text:luaV_execute)
                  00012138    00000504     llex.obj (.text:llex)
                  0001263c    000004aa     rts430x_lc_rd_eabi.lib : powf.obj (.text:powf)
                  00012ae6    00000452                            : frcdivd.obj (.text:__TI_frcdivd)
                  00012f38    0000039c     lstrlib.obj (.text:str_pack)
                  000132d4    0000039a     rts430x_lc_rd_eabi.lib : div64u.obj (.text:__mspabi_divull)
                  0001366e    000002ec     lstrlib.obj (.text:str_format)
                  0001395a    000002e4     rts430x_lc_rd_eabi.lib : frcmpyd.obj (.text:__TI_frcmpyd)
                  00013c3e    000002d8                            : addd.obj (.text:__mspabi_addd)
                  00013f16    000002d0     llex.obj (.text:read_string)
                  000141e6    00000282     rts430x_lc_rd_eabi.lib : mpyd.obj (.text:__mspabi_mpyd)
                  00014468    0000026c                            : xflog.obj (.text:_FLog)
                  000146d4    00000262                            : xfexp.obj (.text:_FExp)
                  00014936    00000262                            : _printfi.obj (.text:_setfield)
                  00014b98    00000258                            : strtof.obj (.text:strtof)
                  00014df0    00000252                            : frcaddd.obj (.text:__TI_frcaddd)
                  00015042    0000024c     lvm.obj (.text:luaV_equalobj)
                  0001528e    00000230     MSPMATHLIB_CCS_msp430_5xx_6xx_FRxx_large_code_restricted_data.lib : msp430_fmod.o (.text:fmodf)
                  000154be    0000022a     ldo.obj (.text:luaD_precall)
                  000156e8    00000222     rts430x_lc_rd_eabi.lib : divd.obj (.text:__mspabi_divd)
                  0001590a    00000218                            : _printfi.obj (.text:_pproc_fgea)
                  00015b22    00000218                            : _printfi.obj (.text:ecvt)
                  00015d3a    00000214     lstrlib.obj (.text:str_unpack)
                  00015f4e    00000212     rts430x_lc_rd_eabi.lib : _printfi.obj (.text:acvt)
                  00016160    00000202                            : _printfi.obj (.text:__TI_printfi)
                  00016362    00000202                            : _printfi.obj (.text:fcvt)
                  00016564    000001f2     lvm.obj (.text:luaV_concat)
                  00016756    000001e6     lobject.obj (.text:luaO_pushvfstring)
                  0001693c    000001e4     lstrlib.obj (.text:match)
                  00016b20    000001da     queue.obj (.text:xQueueGenericReceive)
                  00016cfa    000001d4     lobject.obj (.text:luaO_arith)
                  00016ece    000001a4     rts430x_lc_rd_eabi.lib : _printfi.obj (.text:_pconv_e)
                  00017072    000001a4     llex.obj (.text:read_long_string)
                  00017216    0000019e     rts430x_lc_rd_eabi.lib : xdscale.obj (.text:_Dscale)
                  000173b4    00000198     ltable.obj (.text:luaH_newkey)
                  0001754c    00000198     ltablib.obj (.text:tmove)
                  000176e4    00000196     lstrlib.obj (.text:str_find_aux)
                  0001787a    00000192     lstrlib.obj (.text:getoption)
                  00017a0c    00000192     queue.obj (.text:xQueueGenericSend)
                  00017b9e    0000018a     lstrlib.obj (.text:str_gsub)
                  00017d28    00000188     rts430x_lc_rd_eabi.lib : _printfi.obj (.text:_getarg_diouxp)
                  00017eb0    00000182     lparser.obj (.text:close_func)
                  00018032    00000180     ltable.obj (.text:mainposition)
                  000181b2    00000172     ltablib.obj (.text:auxsort)
                  00018324    0000016e     rts430x_lc_rd_eabi.lib : _printfi.obj (.text:_pconv_a)
                  00018492    00000168     ldebug.obj (.text:getobjname)
                  000185fa    00000160     lstrlib.obj (.text:addquoted)
                  0001875a    00000158     lauxlib.obj (.text:luaL_tolstring)
                  000188b2    00000152     llex.obj (.text:read_numeral)
                  00018a04    0000014c     lgc.obj (.text:singlestep)
                  00018b50    00000148     rts430x_lc_rd_eabi.lib : _printfi.obj (.text:_pproc_diouxp)
                  00018c98    0000013e     lstrlib.obj (.text:add_s)
                  00018dd6    0000013c     lparser.obj (.text:constructor)
                  00018f12    0000013a     lcode.obj (.text:luaK_posfix)
                  0001904c    00000136     llex.obj (.text:readutf8esc)
                  00019182    00000134     lcode.obj (.text:addk)
                  000192b6    00000134     lvm.obj (.text:luaV_finishset)
                  000193ea    00000132     lobject.obj (.text:l_str2int)
                  0001951c    00000130     rts430x_lc_rd_eabi.lib : fs_add.obj (.text)
                  0001964c    0000012e     lapi.obj (.text:lua_gc)
                  0001977a    00000126     lparser.obj (.text:statement)
                  000198a0    00000126     lgc.obj (.text:traverseproto)
                  000199c6    00000124     ldebug.obj (.text:funcnamefromcode)
                  00019aea    00000124     tasks.obj (.text:xTaskIncrementTick)
                  00019c0e    0000011e     lstate.obj (.text:lua_newstate)
                  00019d2c    0000011c     rts430x_lc_rd_eabi.lib : xfdscale.obj (.text:_FDscale)
                  00019e48    0000011a     ltable.obj (.text:luaH_resize)
                  00019f62    0000011a     lstrlib.obj (.text:str_rep)
                  0001a07c    00000116     lgc.obj (.text:GCTM)
                  0001a192    00000114     lundump.obj (.text:LoadDebug)
                  0001a2a6    0000010e     lparser.obj (.text:newupvalue)
                  0001a3b4    0000010a     ldo.obj (.text:moveresults)
                  0001a4be    00000108     lgc.obj (.text:reallymarkobject)
                  0001a5c6    00000108     lparser.obj (.text:simpleexp)
                  0001a6ce    00000106     lgc.obj (.text:atomic)
                  0001a7d4    00000100     lundump.obj (.text:LoadConstants)
                  0001a8d4    00000100     rts430x_lc_rd_eabi.lib : xdnorm.obj (.text:_Dnorm)
                  0001a9d4    000000fe     heap_4.obj (.text:pvPortMalloc)
                  0001aad2    000000fe     lgc.obj (.text:traverseephemeron)
                  0001abd0    000000fc     rts430x_lc_rd_eabi.lib : _printfi.obj (.text:_pconv_g)
                  0001accc    000000fc     lparser.obj (.text:getbinopr)
                  0001adc8    000000fc     lobject.obj (.text:luaO_chunkid)
                  0001aec4    000000fa     rts430x_lc_rd_eabi.lib : _printfi.obj (.text:_pproc_fwp)
                  0001afbe    000000fa     lobject.obj (.text:intarith)
                  0001b0b8    000000f4     lstrlib.obj (.text:addliteral)
                  0001b1ac    000000f2     lcode.obj (.text:discharge2reg)
                  0001b29e    000000f2     ldebug.obj (.text:luaG_traceexec)
                  0001b390    000000f2     ucs.obj (.text:privateUCSSourceClockFromDCO)
                  0001b482    000000ee     lparser.obj (.text:funcargs)
                  0001b570    000000ec     lparser.obj (.text:assignment)
                  0001b65c    000000ea     ldebug.obj (.text:auxgetinfo)
                  0001b746    000000e8     lgc.obj (.text:traversetable)
                  0001b82e    000000e6     lapi.obj (.text:lua_pcallk)
                  0001b914    000000e4     lvm.obj (.text:luaV_tointeger)
                  0001b9f8    000000e2     ucs.obj (.text:UCS_initFLL)
                  0001bada    000000e2     luaInterface.obj (.text:func2)
                  0001bbbc    000000e0     pmm.obj (.text:PMM_setVCoreUp)
                  0001bc9c    000000e0     ldo.obj (.text:correctstack)
                  0001bd7c    000000e0     lbaselib.obj (.text:luaB_tonumber)
                  0001be5c    000000e0     tasks.obj (.text:vTaskSwitchContext)
                  0001bf3c    000000dc     lstring.obj (.text:luaS_resize)
                  0001c018    000000dc     tasks.obj (.text:xTaskResumeAll)
                  0001c0f4    000000da     lobject.obj (.text:luaO_tostring)
                  0001c1ce    000000da     lstrlib.obj (.text:match_class)
                  0001c2a8    000000d8     rts430x_lc_rd_eabi.lib : cmpd.obj (.text:__mspabi_cmpd)
                  0001c380    000000d8     lparser.obj (.text:forbody)
                  0001c458    000000d6     ucs.obj (.text:privateUCSComputeCLKFrequency)
                  0001c52e    000000d6     lstrlib.obj (.text:str_byte)
                  0001c604    000000d6     lparser.obj (.text:test_then_block)
                  0001c6da    000000d6     lstrlib.obj (.text:unpackint)
                  0001c7b0    000000ce     ldump.obj (.text:DumpDebug)
                  0001c87e    000000ce     lstring.obj (.text:internshrstr)
                  0001c94c    000000cc     lvm.obj (.text:luaV_finishget)
                  0001ca18    000000cc     lstrlib.obj (.text:scanformat)
                  0001cae4    000000ca     lcode.obj (.text:constfolding)
                  0001cbae    000000ca     lauxlib.obj (.text:luaL_argerror)
                  0001cc78    000000ca     lobject.obj (.text:numarith)
                  0001cd42    000000c8     lcode.obj (.text:exp2reg)
                  0001ce0a    000000c8     ldo.obj (.text:luaD_protectedparser)
                  0001ced2    000000c8     tasks.obj (.text:prvInitialiseNewTask)
                  0001cf9a    000000c6     lstrlib.obj (.text:add_value)
                  0001d060    000000c6     rts430x_lc_rd_eabi.lib : floorf.obj (.text:floorf)
                  0001d126    000000c4     lundump.obj (.text:checkHeader)
                  0001d1ea    000000c4     ltable.obj (.text:luaH_next)
                  0001d2ae    000000c4     lvm.obj (.text:luaV_objlen)
                  0001d372    000000c4     ltable.obj (.text:setnodevector)
                  0001d436    000000c0     lcode.obj (.text:luaK_code)
                  0001d4f6    000000c0     lvm.obj (.text:pushclosure)
                  0001d5b6    000000c0     lparser.obj (.text:subexpr)
                  0001d676    000000bc     lbaselib.obj (.text:b_str2int)
                  0001d732    000000bc     lparser.obj (.text:luaY_parser)
                  0001d7ee    000000bc     ltablib.obj (.text:partition)
                  0001d8aa    000000bc     lstrlib.obj (.text:push_onecapture)
                  0001d966    000000ba     lparser.obj (.text:closegoto)
                  0001da20    000000b8     lparser.obj (.text:retstat)
                  0001dad8    000000b6     lapi.obj (.text:auxsetstr)
                  0001db8e    000000b6     lapi.obj (.text:lua_seti)
                  0001dc44    000000b6     rts430x_lc_rd_eabi.lib : fs_mpy.obj (.text)
                  0001dcfa    000000b6     ltablib.obj (.text:tinsert)
                  0001ddb0    000000b4     lcode.obj (.text:luaK_nil)
                  0001de64    000000b4     queue.obj (.text:xQueueGenericReset)
                  0001df18    000000b2     rts430x_lc_rd_eabi.lib : renormd.obj (.text:__TI_renormd)
                  0001dfca    000000b2     lauxlib.obj (.text:findfield)
                  0001e07c    000000b2     lparser.obj (.text:forlist)
                  0001e12e    000000b2     luaHeap.obj (.text:luaMalloc)
                  0001e1e0    000000b0     ltm.obj (.text:luaT_callTM)
                  0001e290    000000b0     ltablib.obj (.text:unpack)
                  0001e340    000000ae     lcode.obj (.text:luaK_setreturns)
                  0001e3ee    000000ae     ltm.obj (.text:luaT_trybinTM)
                  0001e49c    000000ae     lgc.obj (.text:traversestrongtable)
                  0001e54a    000000ae     lgc.obj (.text:traversethread)
                  0001e5f8    000000ae     ltablib.obj (.text:tremove)
                  0001e6a6    000000ac     main.obj (.text:UserTask1)
                  0001e752    000000ac     ldebug.obj (.text:findsetreg)
                  0001e7fe    000000ac     lparser.obj (.text:fornum)
                  0001e8aa    000000ac     ltablib.obj (.text:tconcat)
                  0001e956    000000aa     lapi.obj (.text:lua_setmetatable)
                  0001ea00    000000aa     lstate.obj (.text:stack_init)
                  0001eaaa    000000aa     uart_api.obj (.text:uart_initializeUart)
                  0001eb54    000000aa     tasks.obj (.text:xTaskCheckForTimeOut)
                  0001ebfe    000000a8     rts430x_lc_rd_eabi.lib : _printfi.obj (.text:_pproc_str)
                  0001eca6    000000a8     lparser.obj (.text:addprototype)
                  0001ed4e    000000a8     lauxlib.obj (.text:luaL_requiref)
                  0001edf6    000000a6     lundump.obj (.text:LoadUpvalues)
                  0001ee9c    000000a6     lauxlib.obj (.text:luaL_checkversion_)
                  0001ef42    000000a6     portext.obj (.text)
                  0001efe8    000000a6     uart_internal.obj (.text:uart_irqHandlerInternal)
                  0001f08e    000000a4     ucs.obj (.text:UCS_initClockSignal)
                  0001f132    000000a4     lbaselib.obj (.text:luaB_collectgarbage)
                  0001f1d6    000000a4     lvm.obj (.text:luaV_lessequal)
                  0001f27a    000000a4     ldebug.obj (.text:lua_getinfo)
                  0001f31e    000000a4     lparser.obj (.text:suffixedexp)
                  0001f3c2    000000a2     lbaselib.obj (.text:luaB_print)
                  0001f464    000000a2     queue.obj (.text:prvCopyDataToQueue)
                  0001f506    000000a2     tasks.obj (.text:xTaskPriorityDisinherit)
                  0001f5a8    000000a0     main.obj (.text:UserTask2)
                  0001f648    000000a0     queue.obj (.text:prvUnlockQueue)
                  0001f6e8    000000a0     lparser.obj (.text:registerlocalvar)
                  0001f788    0000009e     eusci_a_uart.obj (.text:EUSCI_A_UART_init)
                  0001f826    0000009e     luaHeap.obj (.text:LuaHeapInit)
                  0001f8c4    0000009e     rts430x_lc_rd_eabi.lib : _printfi.obj (.text:_ltostr)
                  0001f962    0000009e     ltable.obj (.text:findindex)
                  0001fa00    0000009e     lgc.obj (.text:freeobj)
                  0001fa9e    0000009e     lparser.obj (.text:leaveblock)
                  0001fb3c    0000009e     lapi.obj (.text:lua_pushcclosure)
                  0001fbda    0000009e     lparser.obj (.text:newlabelentry)
                  0001fc78    0000009e     tasks.obj (.text:prvAddNewTaskToReadyList)
                  0001fd16    0000009e     heap_4.obj (.text:prvHeapInit)
                  0001fdb4    0000009e     tasks.obj (.text:vTaskPriorityInherit)
                  0001fe52    0000009e     lcode.obj (.text:validop)
                  0001fef0    0000009c     lcode.obj (.text:codenot)
                  0001ff8c    0000009c     lstrlib.obj (.text:getdetails)
                  00020028    0000009c     ldo.obj (.text:luaD_throw)
                  000200c4    0000009c     lauxlib.obj (.text:pushglobalfuncname)
                  00020160    0000009c     lstrlib.obj (.text:str_packsize)
                  000201fc    0000009c     lgc.obj (.text:traverseweakvalue)
                  00020298    00000098     lstrlib.obj (.text:packint)
                  00020330    00000096     lvm.obj (.text:LEnum)
                  000203c6    00000096     ldo.obj (.text:luaD_hook)
                  0002045c    00000096     lparser.obj (.text:recfield)
                  000204f2    00000096     ldebug.obj (.text:varinfo)
                  00020588    00000094     lvm.obj (.text:LTnum)
                  0002061c    00000094     pmm.obj (.text:PMM_setVCoreDown)
                  000206b0    00000094     rts430x_lc_rd_eabi.lib : fltlid.obj (.text:__mspabi_fltlid)
                  00020744    00000094                            : _printfi.obj (.text:_ecpy)
                  000207d8    00000094     ldebug.obj (.text:collectvalidlines)
                  0002086c    00000094     ldo.obj (.text:f_parser)
                  00020900    00000094     lcode.obj (.text:luaK_exp2RK)
                  00020994    00000092     rts430x_lc_rd_eabi.lib : xfdint.obj (.text:_FDint)
                  00020a26    00000092     llex.obj (.text:inclinenumber)
                  00020ab8    00000092     lparser.obj (.text:labelstat)
                  00020b4a    00000092     ldo.obj (.text:luaD_reallocstack)
                  00020bdc    00000092     lfunc.obj (.text:luaF_freeproto)
                  00020c6e    00000092     lauxlib.obj (.text:luaL_prepbuffsize)
                  00020d00    00000092     uart_api.obj (.text:uart_write)
                  00020d92    00000090     ldump.obj (.text:DumpConstants)
                  00020e22    00000090     lundump.obj (.text:LoadProtos)
                  00020eb2    00000090     rts430x_lc_rd_eabi.lib : _printfi.obj (.text:_mcpy)
                  00020f42    00000090     lparser.obj (.text:body)
                  00020fd2    00000090     lgc.obj (.text:clearvalues)
                  00021062    00000090     lcode.obj (.text:codecomp)
                  000210f2    00000090     lbaselib.obj (.text:luaB_select)
                  00021182    00000090     lgc.obj (.text:propagatemark)
                  00021212    00000090     llex.obj (.text:skip_sep)
                  000212a2    0000008e     lparser.obj (.text:findlabel)
                  00021330    0000008e     rts430x_lc_rd_eabi.lib : fs_div.obj (.text)
                  000213be    0000008e     tasks.obj (.text:xTaskRemoveFromEventList)
                  0002144c    0000008c     rts430x_lc_rd_eabi.lib : xfdnorm.obj (.text:_FDnorm)
                  000214d8    0000008c                            : cvtdf.obj (.text:__mspabi_cvtdf)
                  00021564    0000008c     ltable.obj (.text:luaH_getint)
                  000215f0    0000008c     lmem.obj (.text:luaM_growaux_)
                  0002167c    0000008c     lvm.obj (.text:luaV_tonumber_)
                  00021708    0000008c     llex.obj (.text:readdecesc)
                  00021794    0000008c     lstrlib.obj (.text:str_sub)
                  00021820    0000008a     lgc.obj (.text:luaC_checkfinalizer)
                  000218aa    0000008a     lcode.obj (.text:luaK_dischargevars)
                  00021934    0000008a     lapi.obj (.text:lua_checkstack)
                  000219be    0000008a     lapi.obj (.text:lua_load)
                  00021a48    00000088     rts430x_lc_rd_eabi.lib : _printfi.obj (.text:_div)
                  00021ad0    00000088     lapi.obj (.text:auxgetstr)
                  00021b58    00000088     lgc.obj (.text:luaC_step)
                  00021be0    00000088     lapi.obj (.text:lua_geti)
                  00021c68    00000086     lvm.obj (.text:LEintfloat)
                  00021cee    00000086     lstrlib.obj (.text:classend)
                  00021d74    00000086     lvm.obj (.text:forlimit)
                  00021dfa    00000086     lvm.obj (.text:getcached)
                  00021e80    00000086     lapi.obj (.text:index2addr)
                  00021f06    00000086     lobject.obj (.text:l_str2d)
                  00021f8c    00000086     rts430x_lc_rd_eabi.lib : ldexp.obj (.text:ldexp)
                  00022012    00000084     lparser.obj (.text:check_conflict)
                  00022096    00000082     ldump.obj (.text:DumpFunction)
                  00022118    00000082     lvm.obj (.text:LTintfloat)
                  0002219a    00000082     ldo.obj (.text:adjust_varargs)
                  0002221c    00000082     lcode.obj (.text:patchtestreg)
                  0002229e    00000080     lstate.obj (.text:init_registry)
                  0002231e    00000080     rts430x_lc_rd_eabi.lib : ltoa.obj (.text:ltoa)
                  0002239e    00000080     lstring.obj (.text:luaS_new)
                  0002241e    00000080     lundump.obj (.text:luaU_undump)
                  0002249e    00000080     lparser.obj (.text:parlist)
                  0002251e    00000080     lparser.obj (.text:repeatstat)
                  0002259e    00000080     uart_internal.obj (.text:uart_writeInternal)
                  0002261e    0000007e     ltablib.obj (.text:checktab)
                  0002269c    0000007e     lvm.obj (.text:luaV_div)
                  0002271a    0000007e     lapi.obj (.text:lua_tolstring)
                  00022798    0000007e     lparser.obj (.text:new_localvar)
                  00022816    0000007e     rts430x_lc_rd_eabi.lib : fs_tol.obj (.text)
                  00022894    0000007e     lgc.obj (.text:traverseLclosure)
                  00022912    0000007c     lparser.obj (.text:exprstat)
                  0002298e    0000007c     ltable.obj (.text:luaH_getn)
                  00022a0a    0000007c     lcode.obj (.text:luaK_storevar)
                  00022a86    0000007c     tasks.obj (.text:xTaskCreate)
                  00022b02    0000007a     lundump.obj (.text:LoadFunction)
                  00022b7c    0000007a     lparser.obj (.text:adjust_assign)
                  00022bf6    0000007a     lstrlib.obj (.text:gmatch)
                  00022c70    0000007a     lcode.obj (.text:jumponcond)
                  00022cea    0000007a     llex.obj (.text:luaX_newstring)
                  00022d64    0000007a     lgc.obj (.text:setpause)
                  00022dde    00000078     rts430x_lc_rd_eabi.lib : _printfi.obj (.text:_pconv_f)
                  00022e56    00000078     ldebug.obj (.text:funcinfo)
                  00022ece    00000078     lvm.obj (.text:luaV_lessthan)
                  00022f46    00000078     lstrlib.obj (.text:matchbracketclass)
                  00022fbe    00000078     lbaselib.obj (.text:pairsmeta)
                  00023036    00000078     uart_api.obj (.text:uart_initializeDebug)
                  000230ae    00000076     ldump.obj (.text:DumpHeader)
                  00023124    00000076     lundump.obj (.text:LoadString)
                  0002319a    00000076     lvm.obj (.text:copy2buff)
                  00023210    00000076     lparser.obj (.text:forstat)
                  00023286    00000076     lgc.obj (.text:getdebt)
                  000232fc    00000076     ldo.obj (.text:luaD_growstack)
                  00023372    00000076     lparser.obj (.text:singlevaraux)
                  000233e8    00000074     lfunc.obj (.text:luaF_close)
                  0002345c    00000074     lauxlib.obj (.text:luaL_checkoption)
                  000234d0    00000074     lapi.obj (.text:lua_settop)
                  00023544    00000074     ltable.obj (.text:rehash)
                  000235b8    00000074     ltablib.obj (.text:sort_comp)
                  0002362c    00000072     rts430x_lc_rd_eabi.lib : xdunscal.obj (.text:_Dunscale)
                  0002369e    00000072     lapi.obj (.text:lua_callk)
                  00023710    00000072     lparser.obj (.text:whilestat)
                  00023782    00000070     tasks.obj (.text:prvAddCurrentTaskToDelayedList)
                  000237f2    0000006e     ltable.obj (.text:luaH_get)
                  00023860    0000006e     lmem.obj (.text:luaM_realloc_)
                  000238ce    0000006e     lgc.obj (.text:remarkupvals)
                  0002393c    0000006e     lauxlib.obj (.text:typeerror)
                  000239aa    0000006c     rts430x_lc_rd_eabi.lib : autoinit_wdt.obj (.text:_auto_init_hold_wdt)
                  00023a16    0000006c     lparser.obj (.text:checkrepeated)
                  00023a82    0000006c     lbaselib.obj (.text:luaB_setmetatable)
                  00023aee    0000006c     ltable.obj (.text:setarrayvector)
                  00023b5a    0000006c     ltablib.obj (.text:sort)
                  00023bc6    0000006c     lgc.obj (.text:sweeplist)
                  00023c32    0000006c     ltable.obj (.text:unbound_search)
                  00023c9e    0000006a     luaHeap.obj (.text:LuaInsertBlockIntoFreeList)
                  00023d08    0000006a     lvm.obj (.text:l_strcmp)
                  00023d72    0000006a     lfunc.obj (.text:luaF_findupval)
                  00023ddc    0000006a     lfunc.obj (.text:luaF_newproto)
                  00023e46    0000006a     lcode.obj (.text:luaK_setoneret)
                  00023eb0    0000006a     llex.obj (.text:luaX_setinput)
                  00023f1a    0000006a     lapi.obj (.text:lua_gettable)
                  00023f84    0000006a     heap_4.obj (.text:prvInsertBlockIntoFreeList)
                  00023fee    0000006a     lstrlib.obj (.text:str_dump)
                  00024058    0000006a     heap_4.obj (.text:vPortFree)
                  000240c2    00000068     rts430x_lc_rd_eabi.lib : copy_decompress_rle.obj (.text:__TI_decompress_rle_core)
                  0002412a    00000068     lparser.obj (.text:movegotosout)
                  00024192    00000068     rts430x_lc_rd_eabi.lib : fs_toi.obj (.text)
                  000241fa    00000068     lstrlib.obj (.text:str_char)
                  00024262    00000066     rts430x_lc_rd_eabi.lib : fixdli.obj (.text:__mspabi_fixdli)
                  000242c8    00000066     ltm.obj (.text:luaT_objtypename)
                  0002432e    00000066     lvm.obj (.text:luaV_mod)
                  00024394    00000066     main.obj (.text:main)
                  000243fa    00000066     ltable.obj (.text:numusearray)
                  00024460    00000064     rts430x_lc_rd_eabi.lib : xfdunsca.obj (.text:_FDunscale)
                  000244c4    00000064                            : cvtfd.obj (.text:__mspabi_cvtfd)
                  00024528    00000064     lparser.obj (.text:check_match)
                  0002458c    00000064     luaInterface.obj (.text:func1)
                  000245f0    00000064     lbaselib.obj (.text:luaB_xpcall)
                  00024654    00000064     lauxlib.obj (.text:luaL_addvalue)
                  000246b8    00000064     lauxlib.obj (.text:luaL_setfuncs)
                  0002471c    00000064     lauxlib.obj (.text:luaL_where)
                  00024780    00000064     lobject.obj (.text:luaO_utf8esc)
                  000247e4    00000064     lapi.obj (.text:lua_rawset)
                  00024848    00000064     lstrlib.obj (.text:matchbalance)
                  000248ac    00000064     lauxlib.obj (.text:resizebox)
                  00024910    00000064     ldo.obj (.text:seterrorobj)
                  00024974    00000064     lstrlib.obj (.text:start_capture)
                  000249d8    00000062     ldump.obj (.text:DumpString)
                  00024a3a    00000062     rts430x_lc_rd_eabi.lib : atoi.obj (.text:atoi)
                  00024a9c    00000062     lparser.obj (.text:errorlimit)
                  00024afe    00000062     ltablib.obj (.text:l_randomizePivot)
                  00024b60    00000062     lparser.obj (.text:localstat)
                  00024bc2    00000062     ldo.obj (.text:luaD_poscall)
                  00024c24    00000062     ltable.obj (.text:luaH_getshortstr)
                  00024c86    00000062     lapi.obj (.text:lua_rawseti)
                  00024ce8    00000062     rts430x_lc_rd_eabi.lib : snprintf.obj (.text:snprintf)
                  00024d4a    00000060     lgc.obj (.text:clearkeys)
                  00024daa    00000060     ldo.obj (.text:luaD_pcall)
                  00024e0a    00000060     lcode.obj (.text:luaK_setlist)
                  00024e6a    00000060     lstring.obj (.text:luaS_init)
                  00024eca    00000060     lapi.obj (.text:lua_rotate)
                  00024f2a    00000060     lstate.obj (.text:makeseed)
                  00024f8a    00000060     printFreeHeap.obj (.text:printMinimumFreeHeap)
                  00024fea    00000060     llex.obj (.text:save)
                  0002504a    00000060     lgc.obj (.text:traverseCclosure)
                  000250aa    00000060     ldo.obj (.text:tryfuncTM)
                  0002510a    0000005e     lstrlib.obj (.text:gmatch_aux)
                  00025168    0000005e     ldebug.obj (.text:kname)
                  000251c6    0000005e     ldebug.obj (.text:luaG_errormsg)
                  00025224    0000005e     lapi.obj (.text:lua_getmetatable)
                  00025282    0000005e     lparser.obj (.text:open_func)
                  000252e0    0000005e     ltablib.obj (.text:pack)
                  0002533e    0000005e     rts430x_lc_rd_eabi.lib : setjmp.obj (.text)
                  0002539c    0000005e     tasks.obj (.text:vTaskStartScheduler)
                  000253fa    0000005c     lparser.obj (.text:lastlistfield)
                  00025456    0000005c     lauxlib.obj (.text:luaL_newmetatable)
                  000254b2    0000005c     lgc.obj (.text:restartcollection)
                  0002550e    0000005c     lstrlib.obj (.text:str_lower)
                  0002556a    0000005c     lstrlib.obj (.text:str_upper)
                  000255c6    0000005c     queue.obj (.text:xQueueGenericCreate)
                  00025622    0000005a     lstrlib.obj (.text:createmetatable)
                  0002567c    0000005a     llex.obj (.text:gethexa)
                  000256d6    0000005a     lparser.obj (.text:ifstat)
                  00025730    0000005a     ldebug.obj (.text:luaG_addinfo)
                  0002578a    0000005a     ltable.obj (.text:luaH_free)
                  000257e4    0000005a     lcode.obj (.text:luaK_goiftrue)
                  0002583e    0000005a     lobject.obj (.text:luaO_str2num)
                  00025898    0000005a     lapi.obj (.text:lua_compare)
                  000258f2    0000005a     lgc.obj (.text:sweepstep)
                  0002594c    00000058     ltablib.obj (.text:addfield)
                  000259a4    00000058     lparser.obj (.text:gotostat)
                  000259fc    00000058     lstrlib.obj (.text:lmemfind)
                  00025a54    00000058     ldebug.obj (.text:luaG_ordererror)
                  00025aac    00000058     lcode.obj (.text:luaK_self)
                  00025b04    00000058     lzio.obj (.text:luaZ_read)
                  00025b5c    00000058     lapi.obj (.text:lua_pushlstring)
                  00025bb4    00000058     lapi.obj (.text:lua_pushstring)
                  00025c0c    00000058     lparser.obj (.text:mainfunc)
                  00025c64    00000058     lauxlib.obj (.text:newbox)
                  00025cbc    00000058     rts430x_lc_rd_eabi.lib : div32u.obj (.text)
                  00025d14    00000058     lstrlib.obj (.text:str_reverse)
                  00025d6c    00000056     ldump.obj (.text:DumpUpvalues)
                  00025dc2    00000056     ldebug.obj (.text:luaG_tointerror)
                  00025e18    00000056     lstrlib.obj (.text:singlematch)
                  00025e6e    00000054     lparser.obj (.text:breaklabel)
                  00025ec2    00000054     llex.obj (.text:check_next2)
                  00025f16    00000054     llex.obj (.text:esccheck)
                  00025f6a    00000054     ltable.obj (.text:l_hashfloat)
                  00025fbe    00000054     llex.obj (.text:lexerror)
                  00026012    00000054     lbaselib.obj (.text:luaB_pcall)
                  00026066    00000054     lgc.obj (.text:luaC_freeallobjects)
                  000260ba    00000054     lapi.obj (.text:lua_concat)
                  0002610e    00000054     lparser.obj (.text:primaryexp)
                  00026162    00000052     lstrlib.obj (.text:addlenmod)
                  000261b4    00000052     lcode.obj (.text:codebinexpval)
                  00026206    00000052     luaHelper.obj (.text:dostring)
                  00026258    00000052     lauxlib.obj (.text:luaL_getmetafield)
                  000262aa    00000052     ltm.obj (.text:luaT_callbinTM)
                  000262fc    00000052     lapi.obj (.text:lua_createtable)
                  0002634e    00000052     ltable.obj (.text:numusehash)
                  000263a0    00000052     lstate.obj (.text:preinit_thread)
                  000263f2    00000052     list.obj (.text:vListInsert)
                  00026444    00000050     rts430x_lc_rd_eabi.lib : xdclass.obj (.text:_Dclass)
                  00026494    00000050     lgc.obj (.text:luaC_fullgc)
                  000264e4    00000050     ldo.obj (.text:luaD_shrinkstack)
                  00026534    00000050     ltm.obj (.text:luaT_gettmbyobj)
                  00026584    00000050     llex.obj (.text:luaX_token2str)
                  000265d4    00000050     lbaselib.obj (.text:luaopen_base)
                  00026624    00000050     lparser.obj (.text:singlevar)
                  00026674    00000050     lparser.obj (.text:undefgoto)
                  000266c4    00000050     queue.obj (.text:xQueueTakeMutexRecursive)
                  00026714    0000004e     rts430x_lc_rd_eabi.lib : _printfi.obj (.text:_fcpy)
                  00026762    0000004e     lgc.obj (.text:checkSizes)
                  000267b0    0000004e     lstrlib.obj (.text:check_capture)
                  000267fe    0000004e     lparser.obj (.text:findgotos)
                  0002684c    0000004e     lbaselib.obj (.text:luaB_assert)
                  0002689a    0000004e     ltable.obj (.text:luaH_setint)
                  000268e8    0000004e     lapi.obj (.text:lua_copy)
                  00026936    0000004e     lstrlib.obj (.text:max_expand)
                  00026984    0000004e     tasks.obj (.text:prvInitialiseTaskLists)
                  000269d2    0000004c     lstrlib.obj (.text:getnum)
                  00026a1e    0000004c     ldebug.obj (.text:isinstack)
                  00026a6a    0000004c     ldo.obj (.text:luaD_rawrunprotected)
                  00026ab6    0000004c     lcode.obj (.text:luaK_codeABC)
                  00026b02    0000004c     lcode.obj (.text:luaK_goiffalse)
                  00026b4e    0000004c     lauxlib.obj (.text:luaL_getsubtable)
                  00026b9a    0000004a     pmm.obj (.text:PMM_setVCore)
                  00026be4    0000004a     lbaselib.obj (.text:luaB_error)
                  00026c2e    0000004a     lcode.obj (.text:luaK_exp2anyreg)
                  00026c78    0000004a     lauxlib.obj (.text:luaL_callmeta)
                  00026cc2    0000004a     lapi.obj (.text:lua_tointegerx)
                  00026d0c    0000004a     lapi.obj (.text:lua_tonumberx)
                  00026d56    0000004a     lapi.obj (.text:lua_topointer)
                  00026da0    0000004a     lstrlib.obj (.text:match_capture)
                  00026dea    0000004a     lcode.obj (.text:patchlistaux)
                  00026e34    0000004a     rts430x_lc_rd_eabi.lib : fs_cmp.obj (.text)
                  00026e7e    0000004a                            : fs_ltof.obj (.text)
                  00026ec8    0000004a     lcode.obj (.text:tonumeral)
                  00026f12    00000048     lstate.obj (.text:close_state)
                  00026f5a    00000048     lparser.obj (.text:funcstat)
                  00026fa2    00000048     lobject.obj (.text:l_str2dloc)
                  00026fea    00000048     lfunc.obj (.text:luaF_initupvals)
                  00027032    00000048     lcode.obj (.text:luaK_infix)
                  0002707a    00000048     lcode.obj (.text:luaK_patchclose)
                  000270c2    00000048     lcode.obj (.text:luaK_prefix)
                  0002710a    00000048     lauxlib.obj (.text:luaL_len)
                  00027152    00000048     lapi.obj (.text:reverse)
                  0002719a    00000046     rts430x_lc_rd_eabi.lib : _printfi.obj (.text:_pproc_fflags)
                  000271e0    00000046     lstrlib.obj (.text:capture_to_close)
                  00027226    00000046     lauxlib.obj (.text:l_alloc)
                  0002726c    00000046     lparser.obj (.text:localfunc)
                  000272b2    00000046     ldebug.obj (.text:luaG_runerror)
                  000272f8    00000046     lauxlib.obj (.text:luaL_pushresult)
                  0002733e    00000046     ltm.obj (.text:luaT_init)
                  00027384    00000046     lstrlib.obj (.text:push_captures)
                  000273ca    00000044     lundump.obj (.text:LoadCode)
                  0002740e    00000044     ldo.obj (.text:checkmode)
                  00027452    00000044     ldump.obj (.text:luaU_dump)
                  00027496    00000044     llex.obj (.text:luaX_init)
                  000274da    00000044     lzio.obj (.text:luaZ_fill)
                  0002751e    00000044     lauxlib.obj (.text:panic)
                  00027562    00000044     tasks.obj (.text:vTaskDelay)
                  000275a6    00000042     llex.obj (.text:check_next1)
                  000275e8    00000042     lcode.obj (.text:codeunexpval)
                  0002762a    00000042     rts430x_lc_rd_eabi.lib : frexp.obj (.text:frexp)
                  0002766c    00000042     lstate.obj (.text:luaE_setdebt)
                  000276ae    00000042     ldebug.obj (.text:luaG_opinterror)
                  000276f0    00000042     lstring.obj (.text:luaS_newudata)
                  00027732    00000042     lapi.obj (.text:lua_newuserdata)
                  00027774    00000042     lapi.obj (.text:lua_rawlen)
                  000277b6    00000042     luaHelper.obj (.text:report)
                  000277f8    00000042     lgc.obj (.text:udata2finalize)
                  0002783a    00000040     ldo.obj (.text:callhook)
                  0002787a    00000040     ltable.obj (.text:computesizes)
                  000278ba    00000040     lgc.obj (.text:freeLclosure)
                  000278fa    00000040     ltable.obj (.text:getgeneric)
                  0002793a    00000040     lauxlib.obj (.text:luaL_checkstack)
                  0002797a    00000040     lparser.obj (.text:removevars)
                  000279ba    00000040     rts430x_lc_rd_eabi.lib : div32s.obj (.text)
                  000279fa    00000040     llex.obj (.text:txtToken)
                  00027a3a    0000003e     lstrlib.obj (.text:end_capture)
                  00027a78    0000003e     lstrlib.obj (.text:getnumlimit)
                  00027ab6    0000003e     ldebug.obj (.text:getupvalname)
                  00027af4    0000003e     rts430x_lc_rd_eabi.lib : _printfi.obj (.text:incr_hex)
                  00027b32    0000003e                            : asr32.obj (.text:l_asr_const)
                  00027b70    0000003e                            : lsl32.obj (.text:l_lsl_const)
                  00027bae    0000003e                            : lsr32.obj (.text:l_lsr_const)
                  00027bec    0000003e     lstring.obj (.text:luaS_remove)
                  00027c2a    0000003e     llex.obj (.text:luaX_next)
                  00027c68    0000003e     lapi.obj (.text:lua_rawgeti)
                  00027ca6    0000003e     llex.obj (.text:utf8esc)
                  00027ce4    0000003c     lundump.obj (.text:checkliteral)
                  00027d20    0000003c     ldebug.obj (.text:luaG_typeerror)
                  00027d5c    0000003c     lgc.obj (.text:separatetobefnz)
                  00027d98    0000003a     rts430x_lc_rd_eabi.lib : lsl64.obj (.text:__mspabi_sllll)
                  00027dd2    0000003a                            : lsr64.obj (.text:__mspabi_srlll)
                  00027e0c    0000003a     lstate.obj (.text:f_luaopen)
                  00027e46    0000003a     luaHeap.obj (.text:luaFree)
                  00027e80    0000003a     lauxlib.obj (.text:luaL_optlstring)
                  00027eba    0000003a     lstring.obj (.text:luaS_newlstr)
                  00027ef4    0000003a     ltm.obj (.text:luaT_callorderTM)
                  00027f2e    0000003a     ldebug.obj (.text:lua_getstack)
                  00027f68    0000003a     lcode.obj (.text:negatecondition)
                  00027fa2    0000003a     lgc.obj (.text:runafewfinalizers)
                  00027fdc    0000003a     lparser.obj (.text:searchupvalue)
                  00028016    0000003a     list.obj (.text:uxListRemove)
                  00028050    0000003a     tasks.obj (.text:vTaskPlaceOnEventList)
                  0002808a    00000038     ldump.obj (.text:DumpProtos)
                  000280c2    00000038     lparser.obj (.text:closelistfield)
                  000280fa    00000038     lstrlib.obj (.text:copywithendian)
                  00028132    00000038     lparser.obj (.text:enterblock)
                  0002816a    00000038     lundump.obj (.text:fchecksize)
                  000281a2    00000038     lcode.obj (.text:freeexps)
                  000281da    00000038     lstate.obj (.text:freestack)
                  00028212    00000038     lbaselib.obj (.text:luaB_rawlen)
                  0002824a    00000038     lbaselib.obj (.text:luaB_rawset)
                  00028282    00000038     lstate.obj (.text:luaE_shrinkCI)
                  000282ba    00000038     lcode.obj (.text:luaK_intK)
                  000282f2    00000038     lstring.obj (.text:luaS_hash)
                  0002832a    00000038     lstrlib.obj (.text:luaopen_string)
                  00028362    00000038     lstrlib.obj (.text:min_expand)
                  0002839a    00000038     lstrlib.obj (.text:nospecials)
                  000283d2    00000038     luaInterface.obj (.text:scriptSemaphore)
                  0002840a    00000038     rts430x_lc_rd_eabi.lib : signal.obj (.text:signal)
                  00028442    00000036                            : xferaise.obj (.text:_Feraise)
                  00028478    00000036                            : snprintf.obj (.text:_outs)
                  000284ae    00000036     lparser.obj (.text:codeclosure)
                  000284e4    00000036     lgc.obj (.text:convergeephemerons)
                  0002851a    00000036     lparser.obj (.text:explist)
                  00028550    00000036     lparser.obj (.text:field)
                  00028586    00000036     lcode.obj (.text:fixjump)
                  000285bc    00000036     lparser.obj (.text:funcname)
                  000285f2    00000036     hwInit.obj (.text:initializeClocksAndVoltage)
                  00028628    00000036     lbaselib.obj (.text:ipairsaux)
                  0002865e    00000036     lgc.obj (.text:luaC_newobj)
                  00028694    00000036     lfunc.obj (.text:luaF_getlocalname)
                  000286ca    00000036     lfunc.obj (.text:luaF_newLclosure)
                  00028700    00000036     ltable.obj (.text:luaH_new)
                  00028736    00000036     lstring.obj (.text:luaS_clearcache)
                  0002876c    00000036     lapi.obj (.text:lua_pushfstring)
                  000287a2    00000036     rts430x_lc_rd_eabi.lib : fs_itof.obj (.text)
                  000287d8    00000034     lundump.obj (.text:error)
                  0002880c    00000034     rts430x_lc_rd_eabi.lib : feraiseexcept.obj (.text:feraiseexcept)
                  00028840    00000034     lparser.obj (.text:fieldsel)
                  00028874    00000034     ldebug.obj (.text:getfuncname)
                  000288a8    00000034     ldo.obj (.text:luaD_call)
                  000288dc    00000034     lcode.obj (.text:luaK_codeABx)
                  00028910    00000034     lcode.obj (.text:luaK_concat)
                  00028944    00000034     lapi.obj (.text:lua_rawget)
                  00028978    00000032     ucs.obj (.text:UCS_initFLLSettle)
                  000289aa    00000032     rts430x_lc_rd_eabi.lib : subd.obj (.text:__mspabi_subd)
                  000289dc    00000032     lbaselib.obj (.text:luaB_getmetatable)
                  00028a0e    00000032     lbaselib.obj (.text:luaB_next)
                  00028a40    00000032     lbaselib.obj (.text:luaB_type)
                  00028a72    00000032     lstate.obj (.text:luaE_freeCI)
                  00028aa4    00000032     lcode.obj (.text:luaK_jump)
                  00028ad6    00000032     linit.obj (.text:luaL_openlibs)
                  00028b08    00000032     lapi.obj (.text:lua_next)
                  00028b3a    00000032     lapi.obj (.text:lua_rawequal)
                  00028b6c    00000032     ltablib.obj (.text:luaopen_table)
                  00028b9e    00000032     luaInterface.obj (.text:luaopen_uc)
                  00028bd0    00000032     lstrlib.obj (.text:prepstate)
                  00028c02    00000032     queue.obj (.text:prvCopyDataFromQueue)
                  00028c34    00000032     rts430x_lc_rd_eabi.lib : raise.obj (.text:raise)
                  00028c66    00000032     ldo.obj (.text:stackinuse)
                  00028c98    00000032     uart_internal.obj (.text:uart_writePossibleInternal)
                  00028cca    00000030     lparser.obj (.text:cond)
                  00028cfa    00000030     lparser.obj (.text:error_expected)
                  00028d2a    00000030     rts430x_lc_rd_eabi.lib : frexpf.obj (.text:frexpf)
                  00028d5a    00000030     lparser.obj (.text:getunopr)
                  00028d8a    00000030     lgc.obj (.text:iscleared)
                  00028dba    00000030     lbaselib.obj (.text:luaB_ipairs)
                  00028dea    00000030     lcode.obj (.text:luaK_checkstack)
                  00028e1a    00000030     lauxlib.obj (.text:luaL_error)
                  00028e4a    00000030     lvm.obj (.text:luaV_shiftl)
                  00028e7a    00000030     lgc.obj (.text:markmt)
                  00028eaa    00000030     ldo.obj (.text:stackerror)
                  00028eda    0000002e     rts430x_lc_rd_eabi.lib : negd.obj (.text:__mspabi_negd)
                  00028f08    0000002e     lstrlib.obj (.text:checkdp)
                  00028f36    0000002e     ltable.obj (.text:getfreepos)
                  00028f64    0000002e     lparser.obj (.text:getlocvar)
                  00028f92    0000002e     lstate.obj (.text:luaE_extendCI)
                  00028fc0    0000002e     ltable.obj (.text:luaH_getstr)
                  00028fee    0000002e     lauxlib.obj (.text:luaL_checknumber)
                  0002901c    0000002e     lobject.obj (.text:luaO_int2fb)
                  0002904a    0000002e     lapi.obj (.text:lua_dump)
                  00029078    0000002e     lcode.obj (.text:nilK)
                  000290a6    0000002e     queue.obj (.text:prvIsQueueFull)
                  000290d4    0000002e     tasks.obj (.text:prvResetNextTaskUnblockTime)
                  00029102    0000002e     lparser.obj (.text:searchvar)
                  00029130    0000002e     rts430x_lc_rd_eabi.lib : strncmp.obj (.text:strncmp)
                  0002915e    0000002e     tasks.obj (.text:vTaskSetTimeOutState)
                  0002918c    0000002c     lstring.obj (.text:createstrobj)
                  000291b8    0000002c     lcode.obj (.text:getjump)
                  000291e4    0000002c     lauxlib.obj (.text:interror)
                  00029210    0000002c     lbaselib.obj (.text:luaB_rawget)
                  0002923c    0000002c     lgc.obj (.text:luaC_barrier_)
                  00029268    0000002c     lstate.obj (.text:luaE_freethread)
                  00029294    0000002c     lcode.obj (.text:luaK_indexed)
                  000292c0    0000002c     lapi.obj (.text:lua_touserdata)
                  000292ec    0000002c     lcode.obj (.text:need_value)
                  00029318    0000002c     queue.obj (.text:prvIsQueueEmpty)
                  00029344    0000002c     rts430x_lc_rd_eabi.lib : div16s.obj (.text)
                  00029370    0000002a     lparser.obj (.text:adjustlocalvars)
                  0002939a    0000002a     ltable.obj (.text:arrayindex)
                  000293c4    0000002a     lparser.obj (.text:block)
                  000293ee    0000002a     lbaselib.obj (.text:finishpcall)
                  00029418    0000002a     lcode.obj (.text:getjumpcontrol)
                  00029442    0000002a     lparser.obj (.text:listfield)
                  0002946c    0000002a     lbaselib.obj (.text:luaB_rawequal)
                  00029496    0000002a     ltable.obj (.text:luaH_resizearray)
                  000294c0    0000002a     lcode.obj (.text:luaK_exp2nextreg)
                  000294ea    0000002a     lauxlib.obj (.text:luaL_checkinteger)
                  00029514    0000002a     lstring.obj (.text:luaS_eqlngstr)
                  0002953e    0000002a     lstring.obj (.text:luaS_hashlongstr)
                  00029568    0000002a     lapi.obj (.text:lua_absindex)
                  00029592    0000002a     main.obj (.text:sendBlocking)
                  000295bc    0000002a     lparser.obj (.text:statlist)
                  000295e6    0000002a     rts430x_lc_rd_eabi.lib : strspn.obj (.text:strspn)
                  00029610    0000002a     ldebug.obj (.text:swapextra)
                  0002963a    0000002a     lparser.obj (.text:yindex)
                  00029664    00000028     ldump.obj (.text:DumpBlock)
                  0002968c    00000028     gpio.obj (.text:GPIO_setAsPeripheralModuleFunctionInputPin)
                  000296b4    00000028     rts430x_lc_rd_eabi.lib : fixdi.obj (.text:__mspabi_fixdi)
                  000296dc    00000028     lparser.obj (.text:block_follow)
                  00029704    00000028     lobject.obj (.text:isneg)
                  0002972c    00000028     lgc.obj (.text:luaC_upvdeccount)
                  00029754    00000028     lfunc.obj (.text:luaF_newCclosure)
                  0002977c    00000028     lauxlib.obj (.text:luaL_loadbufferx)
                  000297a4    00000028     lapi.obj (.text:lua_pushvfstring)
                  000297cc    00000028     queue.obj (.text:prvInitialiseMutex)
                  000297f4    00000028     lcode.obj (.text:removevalues)
                  0002981c    00000028     ldebug.obj (.text:upvalname)
                  00029844    00000026     eusci_a_uart.obj (.text:EUSCI_A_UART_disableInterrupt)
                  0002986a    00000026     lcode.obj (.text:discharge2anyreg)
                  00029890    00000026     lgc.obj (.text:markbeingfnz)
                  000298b6    00000026     rts430x_lc_rd_eabi.lib : memcmp.obj (.text:memcmp)
                  000298dc    00000026     lobject.obj (.text:pushstr)
                  00029902    00000026     rts430x_lc_rd_eabi.lib : strpbrk.obj (.text:strpbrk)
                  00029928    00000026     list.obj (.text:vListInsertEnd)
                  0002994e    00000024     ltablib.obj (.text:checkfield)
                  00029972    00000024     ltable.obj (.text:countint)
                  00029996    00000024     rts430x_lc_rd_eabi.lib : copy_zero_init.obj (.text:decompress:ZI:__TI_zero_init)
                  000299ba    00000024     lcode.obj (.text:dischargejpc)
                  000299de    00000024     lgc.obj (.text:luaC_runtilstate)
                  00029a02    00000024     ldo.obj (.text:luaD_inctop)
                  00029a26    00000024     ltable.obj (.text:luaH_set)
                  00029a4a    00000024     lcode.obj (.text:luaK_stringK)
                  00029a6e    00000024     lauxlib.obj (.text:luaL_optinteger)
                  00029a92    00000024     ltm.obj (.text:luaT_gettm)
                  00029ab6    00000024     lapi.obj (.text:lua_getglobal)
                  00029ada    00000024     lapi.obj (.text:lua_pushvalue)
                  00029afe    00000024     lapi.obj (.text:lua_setglobal)
                  00029b22    00000024     port.obj (.text:pxPortInitialiseStack)
                  00029b46    00000022     ldump.obj (.text:DumpCode)
                  00029b68    00000022     ldebug.obj (.text:currentline)
                  00029b8a    00000022     lcode.obj (.text:luaK_numberK)
                  00029bac    00000022     lauxlib.obj (.text:luaL_addlstring)
                  00029bce    00000022     llex.obj (.text:readhexaesc)
                  00029bf0    00000022     rts430x_lc_rd_eabi.lib : mult32_f5hw.obj (.text)
                  00029c12    00000020                            : snprintf.obj (.text:_outc)
                  00029c32    00000020     lcode.obj (.text:code_loadbool)
                  00029c52    00000020     lcode.obj (.text:codeextraarg)
                  00029c72    00000020     lgc.obj (.text:entersweep)
                  00029c92    00000020     lparser.obj (.text:exp1)
                  00029cb2    00000020     ltablib.obj (.text:getRandomNumber)
                  00029cd2    00000020     lauxlib.obj (.text:luaL_checklstring)
                  00029cf2    00000020     lauxlib.obj (.text:luaL_newstate)
                  00029d12    00000020     lobject.obj (.text:luaO_ceillog2)
                  00029d32    00000020     lapi.obj (.text:lua_isnumber)
                  00029d52    00000020     lapi.obj (.text:lua_len)
                  00029d72    00000020     ltablib.obj (.text:set2)
                  00029d92    00000020     lparser.obj (.text:skipnoopstat)
                  00029db2    00000020     lstrlib.obj (.text:str_len)
                  00029dd2    00000020     list.obj (.text:vListInitialise)
                  00029df2    00000020     rts430x_lc_rd_eabi.lib : _printfi.obj (.text:val_hex)
                  00029e12    0000001e     eusci_a_uart.obj (.text:EUSCI_A_UART_enableInterrupt)
                  00029e30    0000001e     lundump.obj (.text:LoadBlock)
                  00029e4e    0000001e     lgc.obj (.text:callallpendingfinalizers)
                  00029e6c    0000001e     lgc.obj (.text:luaC_fix)
                  00029e8a    0000001e     lcode.obj (.text:luaK_patchlist)
                  00029ea8    0000001e     lauxlib.obj (.text:luaL_checkany)
                  00029ec6    0000001e     lauxlib.obj (.text:luaL_checktype)
                  00029ee4    0000001e     lapi.obj (.text:lua_isstring)
                  00029f02    0000001e     lapi.obj (.text:lua_pushboolean)
                  00029f20    0000001e     lapi.obj (.text:lua_stringtonumber)
                  00029f3e    0000001e     lapi.obj (.text:lua_toboolean)
                  00029f5c    0000001e     rts430x_lc_rd_eabi.lib : memccpy.obj (.text:memccpy)
                  00029f7a    0000001e     lstrlib.obj (.text:posrelat)
                  00029f98    0000001e     queue.obj (.text:prvInitialiseNewQueue)
                  00029fb6    0000001e     hwInit.obj (.text:startTickTimer)
                  00029fd4    0000001c     lcode.obj (.text:boolK)
                  00029ff0    0000001c     ltablib.obj (.text:choosePivot)
                  0002a00c    0000001c     lparser.obj (.text:codestring)
                  0002a028    0000001c     lcode.obj (.text:condjump)
                  0002a044    0000001c     lparser.obj (.text:enterlevel)
                  0002a060    0000001c     lgc.obj (.text:luaC_upvalbarrier_)
                  0002a07c    0000001c     ldebug.obj (.text:luaG_concaterror)
                  0002a098    0000001c     lobject.obj (.text:luaO_hexavalue)
                  0002a0b4    0000001c     lstring.obj (.text:luaS_createlngstrobj)
                  0002a0d0    0000001c     lapi.obj (.text:lua_pushinteger)
                  0002a0ec    0000001c     lapi.obj (.text:lua_pushnumber)
                  0002a108    0000001c     tasks.obj (.text:pvTaskIncrementMutexHeldCount)
                  0002a124    0000001c     lgc.obj (.text:removeentry)
                  0002a140    0000001c     lparser.obj (.text:str_checkname)
                  0002a15c    0000001c     rts430x_lc_rd_eabi.lib : strchr.obj (.text:strchr)
                  0002a178    0000001c                            : strcmp.obj (.text:strcmp)
                  0002a194    0000001c     luaInterface.obj (.text:taskDelay)
                  0002a1b0    0000001a     ldump.obj (.text:DumpInteger)
                  0002a1ca    0000001a     ldump.obj (.text:DumpNumber)
                  0002a1e4    0000001a     lbaselib.obj (.text:luaB_tostring)
                  0002a1fe    0000001a     lcode.obj (.text:luaK_ret)
                  0002a218    0000001a     lauxlib.obj (.text:luaL_addstring)
                  0002a232    0000001a     lauxlib.obj (.text:luaL_buffinit)
                  0002a24c    0000001a     llex.obj (.text:luaX_lookahead)
                  0002a266    0000001a     lapi.obj (.text:lua_type)
                  0002a280    0000001a     lgc.obj (.text:sweeptolive)
                  0002a29a    0000001a     lauxlib.obj (.text:tag_error)
                  0002a2b4    00000018     lundump.obj (.text:LoadInteger)
                  0002a2cc    00000018     lundump.obj (.text:LoadNumber)
                  0002a2e4    00000018     ucs.obj (.text:UCS_getSMCLK)
                  0002a2fc    00000018     lparser.obj (.text:checkname)
                  0002a314    00000018     luaInterface.obj (.text:counter)
                  0002a32c    00000018     lauxlib.obj (.text:getS)
                  0002a344    00000018     lzio.obj (.text:luaZ_init)
                  0002a35c    00000018     lapi.obj (.text:lua_getallocf)
                  0002a374    00000018     lapi.obj (.text:lua_getfield)
                  0002a38c    00000018     lapi.obj (.text:lua_setfield)
                  0002a3a4    00000018     lgc.obj (.text:propagateall)
                  0002a3bc    00000018     queue.obj (.text:xQueueCreateMutex)
                  0002a3d4    00000016     ldebug.obj (.text:currentpc)
                  0002a3ea    00000016     lgc.obj (.text:luaC_barrierback_)
                  0002a400    00000016     lcode.obj (.text:luaK_exp2anyregup)
                  0002a416    00000016     lcode.obj (.text:luaK_fixline)
                  0002a42c    00000016     lmem.obj (.text:luaM_toobig)
                  0002a442    00000016     lobject.obj (.text:luaO_fb2int)
                  0002a458    00000016     lapi.obj (.text:lua_gettop)
                  0002a46e    00000016     lparser.obj (.text:markupval)
                  0002a484    00000016     rts430x_lc_rd_eabi.lib : memchr.obj (.text:memchr)
                  0002a49a    00000016                            : memset.obj (.text:memset)
                  0002a4b0    00000016                            : div16u.obj (.text)
                  0002a4c6    00000016                            : mult16_f5hw.obj (.text)
                  0002a4dc    00000014     ldump.obj (.text:DumpByte)
                  0002a4f0    00000014     ldump.obj (.text:DumpInt)
                  0002a504    00000014     lparser.obj (.text:checklimit)
                  0002a518    00000014     lstrlib.obj (.text:digit)
                  0002a52c    00000014     lgc.obj (.text:findlast)
                  0002a540    00000014     lcode.obj (.text:freereg)
                  0002a554    00000014     lstrlib.obj (.text:initheader)
                  0002a568    00000014     hwInit.obj (.text:initializeMainComponents)
                  0002a57c    00000014     luaInterface.obj (.text:luaAbort)
                  0002a590    00000014     ldo.obj (.text:luaD_callnoyield)
                  0002a5a4    00000014     lcode.obj (.text:luaK_patchtohere)
                  0002a5b8    00000014     lapi.obj (.text:lua_isinteger)
                  0002a5cc    00000014     lapi.obj (.text:lua_version)
                  0002a5e0    00000014     rts430x_lc_rd_eabi.lib : memcpy.obj (.text:memcpy)
                  0002a5f4    00000014     lparser.obj (.text:new_localvarliteral_)
                  0002a608    00000012     ucs.obj (.text:UCS_setExternalClockSource)
                  0002a61a    00000012     lparser.obj (.text:checknext)
                  0002a62c    00000012     rts430x_lc_rd_eabi.lib : copy_decompress_none.obj (.text:decompress:none:__TI_decompress_none)
                  0002a63e    00000012     lcode.obj (.text:freeexp)
                  0002a650    00000012     lparser.obj (.text:init_exp)
                  0002a662    00000012     lcode.obj (.text:luaK_reserveregs)
                  0002a674    00000012     lobject.obj (.text:luaO_pushfstring)
                  0002a686    00000012     lapi.obj (.text:lua_pushnil)
                  0002a698    00000012     rts430x_lc_rd_eabi.lib : strcpy.obj (.text:strcpy)
                  0002a6aa    00000012     lparser.obj (.text:testnext)
                  0002a6bc    00000012     rts430x_lc_rd_eabi.lib : tolower.obj (.text:tolower)
                  0002a6ce    00000012                            : toupper.obj (.text:toupper)
                  0002a6e0    00000010     lundump.obj (.text:LoadByte)
                  0002a6f0    00000010     lundump.obj (.text:LoadInt)
                  0002a700    00000010     rts430x_lc_rd_eabi.lib : asr32.obj (.text:l_asr)
                  0002a710    00000010                            : lsl32.obj (.text:l_lsl)
                  0002a720    00000010                            : lsr32.obj (.text:l_lsr)
                  0002a730    00000010     lcode.obj (.text:luaK_exp2val)
                  0002a740    0000000e     eusci_a_uart.obj (.text:EUSCI_A_UART_clearInterrupt)
                  0002a74e    0000000e     lgc.obj (.text:dothecall)
                  0002a75c    0000000e     hwInit.obj (.text:initializeGpio)
                  0002a76a    0000000e     rts430x_lc_rd_eabi.lib : isalnum.obj (.text:isalnum)
                  0002a778    0000000e                            : isalpha.obj (.text:isalpha)
                  0002a786    0000000e                            : iscntrl.obj (.text:iscntrl)
                  0002a794    0000000e                            : isgraph.obj (.text:isgraph)
[...]
000219be  lua_load                                  
00021b58  luaC_step                                 
00021be0  lua_geti                                  
00021f8c  ldexp                                     
0002231e  ltoa                                      
0002239e  luaS_new                                  
0002241e  luaU_undump                               
0002259e  uart_writeInternal                        
0002269c  luaV_div                                  
0002271a  lua_tolstring                             
00022816  __mspabi_fixfli                           
0002298e  luaH_getn                                 
00022a0a  luaK_storevar                             
00022a86  xTaskCreate                               
00022cea  luaX_newstring                            
00022ece  luaV_lessthan                             
00023036  uart_initializeDebug                      
000232fc  luaD_growstack                            
000233e8  luaF_close                                
0002345c  luaL_checkoption                          
000234d0  lua_settop                                
0002362c  _Dunscale                                 
0002369e  lua_callk                                 
000237f2  luaH_get                                  
00023860  luaM_realloc_                             
000239aa  _auto_init_hold_wdt                       
00023d72  luaF_findupval                            
00023ddc  luaF_newproto                             
00023e46  luaK_setoneret                            
00023eb0  luaX_setinput                             
00023f1a  lua_gettable                              
00024058  vPortFree                                 
00024192  __mspabi_fixfi                            
00024262  __mspabi_fixdli                           
000242c8  luaT_objtypename                          
0002432e  luaV_mod                                  
00024394  main                                      
00024460  _FDunscale                                
000244c4  __mspabi_cvtfd                            
0002458c  func1                                     
00024654  luaL_addvalue                             
000246b8  luaL_setfuncs                             
0002471c  luaL_where                                
00024780  luaO_utf8esc                              
000247e4  lua_rawset                                
00024a3a  atoi                                      
00024bc2  luaD_poscall                              
00024c24  luaH_getshortstr                          
00024c86  lua_rawseti                               
00024ce8  snprintf                                  
00024daa  luaD_pcall                                
00024e0a  luaK_setlist                              
00024e6a  luaS_init                                 
00024eca  lua_rotate                                
00024f8a  printMinimumFreeHeap                      
000251c6  luaG_errormsg                             
00025224  lua_getmetatable                          
0002533e  _setjmp                                   
0002533e  setjmp                                    
0002536e  longjmp                                   
0002539c  vTaskStartScheduler                       
00025456  luaL_newmetatable                         
000255c6  xQueueGenericCreate                       
00025730  luaG_addinfo                              
0002578a  luaH_free                                 
000257e4  luaK_goiftrue                             
0002583e  luaO_str2num                              
00025898  lua_compare                               
00025a54  luaG_ordererror                           
00025aac  luaK_self                                 
00025b04  luaZ_read                                 
00025b5c  lua_pushlstring                           
00025bb4  lua_pushstring                            
00025cbc  __mspabi_divul                            
00025cbc  __mspabi_remul                            
00025dc2  luaG_tointerror                           
00026066  luaC_freeallobjects                       
000260ba  lua_concat                                
00026206  dostring                                  
00026258  luaL_getmetafield                         
000262aa  luaT_callbinTM                            
000262fc  lua_createtable                           
000263f2  vListInsert                               
00026444  _Dclass                                   
00026494  luaC_fullgc                               
000264e4  luaD_shrinkstack                          
00026534  luaT_gettmbyobj                           
00026584  luaX_token2str                            
000265d4  luaopen_base                              
000266c4  xQueueTakeMutexRecursive                  
0002689a  luaH_setint                               
000268e8  lua_copy                                  
00026a6a  luaD_rawrunprotected                      
00026ab6  luaK_codeABC                              
00026b02  luaK_goiffalse                            
00026b4e  luaL_getsubtable                          
00026b9a  PMM_setVCore                              
00026c2e  luaK_exp2anyreg                           
00026c78  luaL_callmeta                             
00026cc2  lua_tointegerx                            
00026d0c  lua_tonumberx                             
00026d56  lua_topointer                             
00026e34  __mspabi_cmpf                             
00026e7e  __mspabi_fltlif                           
00026fea  luaF_initupvals                           
00027032  luaK_infix                                
0002707a  luaK_patchclose                           
000270c2  luaK_prefix                               
0002710a  luaL_len                                  
000272b2  luaG_runerror                             
000272f8  luaL_pushresult                           
0002733e  luaT_init                                 
00027452  luaU_dump                                 
00027496  luaX_init                                 
000274da  luaZ_fill                                 
00027562  vTaskDelay                                
0002762a  frexp                                     
0002766c  luaE_setdebt                              
000276ae  luaG_opinterror                           
000276f0  luaS_newudata                             
00027732  lua_newuserdata                           
00027774  lua_rawlen                                
0002793a  luaL_checkstack                           
000279ba  __mspabi_divli                            
000279ba  __mspabi_remli                            
00027b32  __mspabi_sral_15                          
00027b36  __mspabi_sral_14                          
00027b3a  __mspabi_sral_13                          
00027b3e  __mspabi_sral_12                          
00027b42  __mspabi_sral_11                          
00027b46  __mspabi_sral_10                          
00027b4a  __mspabi_sral_9                           
00027b4e  __mspabi_sral_8                           
00027b52  __mspabi_sral_7                           
00027b56  __mspabi_sral_6                           
00027b5a  __mspabi_sral_5                           
00027b5e  __mspabi_sral_4                           
00027b62  __mspabi_sral_3                           
00027b66  __mspabi_sral_2                           
00027b6a  __mspabi_sral_1                           
00027b70  __mspabi_slll_15                          
00027b74  __mspabi_slll_14                          
00027b78  __mspabi_slll_13                          
00027b7c  __mspabi_slll_12                          
00027b80  __mspabi_slll_11                          
00027b84  __mspabi_slll_10                          
00027b88  __mspabi_slll_9                           
00027b8c  __mspabi_slll_8                           
00027b90  __mspabi_slll_7                           
00027b94  __mspabi_slll_6                           
00027b98  __mspabi_slll_5                           
00027b9c  __mspabi_slll_4                           
00027ba0  __mspabi_slll_3                           
00027ba4  __mspabi_slll_2                           
00027ba8  __mspabi_slll_1                           
00027bae  __mspabi_srll_15                          
00027bb2  __mspabi_srll_14                          
00027bb6  __mspabi_srll_13                          
00027bba  __mspabi_srll_12                          
00027bbe  __mspabi_srll_11                          
00027bc2  __mspabi_srll_10                          
00027bc6  __mspabi_srll_9                           
00027bca  __mspabi_srll_8                           
00027bce  __mspabi_srll_7                           
00027bd2  __mspabi_srll_6                           
00027bd6  __mspabi_srll_5                           
00027bda  __mspabi_srll_4                           
00027bde  __mspabi_srll_3                           
00027be2  __mspabi_srll_2                           
00027be6  __mspabi_srll_1                           
00027bec  luaS_remove                               
00027c2a  luaX_next                                 
00027c68  lua_rawgeti                               
00027d20  luaG_typeerror                            
00027d98  __mspabi_sllll                            
00027dd2  __mspabi_srlll                            
00027e46  luaFree                                   
00027e80  luaL_optlstring                           
00027eba  luaS_newlstr                              
00027ef4  luaT_callorderTM                          
00027f2e  lua_getstack                              
00028016  uxListRemove                              
00028050  vTaskPlaceOnEventList                     
00028282  luaE_shrinkCI                             
000282ba  luaK_intK                                 
000282f2  luaS_hash                                 
0002832a  luaopen_string                            
000283d2  scriptSemaphore                           
0002840a  signal                                    
00028442  _Feraise                                  
0002865e  luaC_newobj                               
00028694  luaF_getlocalname                         
000286ca  luaF_newLclosure                          
00028700  luaH_new                                  
00028736  luaS_clearcache                           
0002876c  lua_pushfstring                           
000287a2  __mspabi_fltif                            
0002880c  feraiseexcept                             
000288a8  luaD_call                                 
000288dc  luaK_codeABx                              
00028910  luaK_concat                               
00028944  lua_rawget                                
00028978  UCS_initFLLSettle                         
000289aa  __mspabi_subd                             
00028a72  luaE_freeCI                               
00028aa4  luaK_jump                                 
00028ad6  luaL_openlibs                             
00028b08  lua_next                                  
00028b3a  lua_rawequal                              
00028b6c  luaopen_table                             
00028b9e  luaopen_uc                                
00028c34  raise                                     
00028c98  uart_writePossibleInternal                
00028d2a  frexpf                                    
00028dea  luaK_checkstack                           
00028e1a  luaL_error                                
00028e4a  luaV_shiftl                               
00028eda  __mspabi_negd                             
00028f92  luaE_extendCI                             
00028fc0  luaH_getstr                               
00028fee  luaL_checknumber                          
0002901c  luaO_int2fb                               
0002904a  lua_dump                                  
00029130  strncmp                                   
0002915e  vTaskSetTimeOutState                      
0002923c  luaC_barrier_                             
00029268  luaE_freethread                           
00029294  luaK_indexed                              
000292c0  lua_touserdata                            
00029344  __mspabi_divi                             
00029344  __mspabi_remi                             
00029496  luaH_resizearray                          
000294c0  luaK_exp2nextreg                          
000294ea  luaL_checkinteger                         
00029514  luaS_eqlngstr                             
0002953e  luaS_hashlongstr                          
00029568  lua_absindex                              
00029592  sendBlocking                              
000295e6  strspn                                    
0002968c  GPIO_setAsPeripheralModuleFunctionInputPin
000296b4  __mspabi_fixdi                            
0002972c  luaC_upvdeccount                          
00029754  luaF_newCclosure                          
0002977c  luaL_loadbufferx                          
000297a4  lua_pushvfstring                          
00029844  EUSCI_A_UART_disableInterrupt             
000298b6  memcmp                                    
00029902  strpbrk                                   
00029928  vListInsertEnd                            
00029996  __TI_zero_init                            
000299de  luaC_runtilstate                          
00029a02  luaD_inctop                               
00029a26  luaH_set                                  
00029a4a  luaK_stringK                              
00029a6e  luaL_optinteger                           
00029a92  luaT_gettm                                
00029ab6  lua_getglobal                             
00029ada  lua_pushvalue                             
00029afe  lua_setglobal                             
00029b22  pxPortInitialiseStack                     
00029bac  luaL_addlstring                           
00029bf0  __mspabi_mpyl_f5hw                        
00029cd2  luaL_checklstring                         
00029cf2  luaL_newstate                             
00029d12  luaO_ceillog2                             
00029d32  lua_isnumber                              
00029d52  lua_len                                   
00029dd2  vListInitialise                           
00029e12  EUSCI_A_UART_enableInterrupt              
00029e6c  luaC_fix                                  
00029e8a  luaK_patchlist                            
00029ea8  luaL_checkany                             
00029ec6  luaL_checktype                            
00029ee4  lua_isstring                              
00029f02  lua_pushboolean                           
00029f20  lua_stringtonumber                        
00029f3e  lua_toboolean                             
00029f5c  memccpy                                   
00029fb6  startTickTimer                            
00029fb6  vApplicationSetupTimerInterrupt           
00029fb6  vPortSetupTimerInterrupt                  
0002a060  luaC_upvalbarrier_                        
0002a07c  luaG_concaterror                          
0002a098  luaO_hexavalue                            
0002a0b4  luaS_createlngstrobj                      
0002a0d0  lua_pushinteger                           
0002a0ec  lua_pushnumber                            
0002a108  pvTaskIncrementMutexHeldCount             
0002a15c  strchr                                    
0002a178  strcmp                                    
0002a194  taskDelay                                 
0002a1fe  luaK_ret                                  
0002a218  luaL_addstring                            
0002a232  luaL_buffinit                             
0002a24c  luaX_lookahead                            
0002a266  lua_type                                  
0002a2e4  UCS_getSMCLK                              
0002a314  counter                                   
0002a344  luaZ_init                                 
0002a35c  lua_getallocf                             
0002a374  lua_getfield                              
0002a38c  lua_setfield                              
0002a3bc  xQueueCreateMutex                         
0002a3ea  luaC_barrierback_                         
0002a400  luaK_exp2anyregup                         
0002a416  luaK_fixline                              
0002a42c  luaM_toobig                               
0002a442  luaO_fb2int                               
0002a458  lua_gettop                                
0002a484  memchr                                    
0002a49a  memset                                    
0002a4b0  __mspabi_divu                             
0002a4b0  __mspabi_remu                             
0002a4c6  __mspabi_mpyi_f5hw                        
0002a568  initializeMainComponents                  
0002a57c  luaAbort                                  
0002a590  luaD_callnoyield                          
0002a5a4  luaK_patchtohere                          
0002a5b8  lua_isinteger                             
0002a5cc  lua_version                               
0002a5e0  memcpy                                    
0002a608  UCS_setExternalClockSource                
0002a62c  __TI_decompress_none                      
0002a662  luaK_reserveregs                          
0002a674  luaO_pushfstring                          
0002a686  lua_pushnil                               
0002a698  strcpy                                    
0002a6bc  tolower                                   
0002a6ce  toupper                                   
0002a700  __mspabi_sral                             
0002a710  __mspabi_slll                             
0002a720  __mspabi_srll                             
0002a730  luaK_exp2val                              
0002a740  EUSCI_A_UART_clearInterrupt               
0002a76a  isalnum                                   
0002a778  isalpha                                   
0002a786  iscntrl                                   
0002a794  isgraph                                   
0002a7a2  ispunct                                   
0002a7b0  isxdigit                                  
0002a7cc  lua_atpanic                               
0002a7e8  strlen                                    
0002a7f6  vApplicationMallocFailedHook              
0002a804  vApplicationStackOverflowHook             
0002a812  __mspabi_fltid                            
0002a842  isdigit                                   
0002a84e  islower                                   
0002a85a  isspace                                   
0002a866  isupper                                   
0002a872  luaK_getlabel                             
0002a87e  luaL_buffinitsize                         
0002a88a  lua_typename                              
0002a896  abs                                       
0002a8a0  luaK_codek                                
0002a8aa  __mspabi_negf                             
0002a8b4  __mspabi_slli                             
0002a8be  __mspabi_srli                             
0002a8da  luaL_pushresultsize                       
0002a8e2  luaX_syntaxerror                          
0002a8ea  lua_error                                 
0002a8fa  vListInitialiseItem                       
0002a902  EUSCI_A_UART_enable                       
0002a908  LuaGetMinimumEverFreeHeapSize             
0002a90e  __TI_decompress_rle24                     
0002a920  logf                                      
0002a938  vTaskMissedYield                          
0002a93e  vTaskSuspendAll                           
0002a944  xTaskGetCurrentTaskHandle                 
0002a94a  _system_pre_init                          
0002a94e  C$$EXIT                                   
0002a94e  abort                                     
0002a952  _nop                                      
ffffffff  __binit__                                 
ffffffff  __c_args__                                
ffffffff  binit                                     
UNDEFED   __TI_INITARRAY_Base                       
UNDEFED   __TI_INITARRAY_Limit                      

[1568 symbols]
